   *
*** ***
 *    *
*** ***
   *
      *
     * *
***** *****
 *        *
  *      *
 *        *
***** *****
     * *
      *
         *
        * *
       *    *
*******   *******
 *              *
  *            *
   *          *
  *            *
 *              *
*******   *******
       *    *
        * *
         *
            *
           * *
          *    *
         *       *
*********       *********
 *                      *
  *                   *
   *                *
    *             *
   *                *
  *                   *
 *                      *
*********       *********
         *       *
          *    *
           * *
            *
               *
              * *
             *    *
            *       *
           *          *
***********             ***********
 *                                *
  *                             *
   *                          *
    *                       *
     *                    *
    *                       *
   *                          *
  *                             *
 *                                *
***********             ***********
           *          *
            *       *
             *    *
              * *
               *
                  *
                 * *
                *    *
               *       *
              *          *
             *             *
*************                     *************
 *                                            *
  *                                        *
   *                                    *
    *                                *
     *                            *
      *                        *
     *                            *
    *                                *
   *                                    *
  *                                        *
 *                                            *
*************                     *************
             *             *
              *          *
               *       *
                *    *
                 * *
                  *
